
> pub-network-monitor@1.0.0 check
> tsc --noEmit

src/components/WorkloadBar.tsx(37,39): error TS2802: Type 'Set<string>' can only be iterated through when using the '--downlevelIteration' flag or with a '--target' of 'es2015' or higher.
src/components/WorkloadBar.tsx(37,58): error TS2802: Type 'Set<string>' can only be iterated through when using the '--downlevelIteration' flag or with a '--target' of 'es2015' or higher.
